Component: ARM Compiler 5.06 update 1 (build 61) Tool: armlink [4d35a8]

==============================================================================

Section Cross References

    startup_m051series.o(STACK) refers (Special) to heapauxi.o(.text) for __use_two_region_memory
    startup_m051series.o(HEAP) refers (Special) to heapauxi.o(.text) for __use_two_region_memory
    startup_m051series.o(RESET) refers (Special) to heapauxi.o(.text) for __use_two_region_memory
    startup_m051series.o(RESET) refers to startup_m051series.o(.text) for Reset_Handler
    startup_m051series.o(.ARM.__at_0X02FC) refers (Special) to heapauxi.o(.text) for __use_two_region_memory
    startup_m051series.o(.text) refers (Special) to heapauxi.o(.text) for __use_two_region_memory
    startup_m051series.o(.text) refers to main.o(.text) for Main
    startup_m051series.o(.text) refers to startup_m051series.o(HEAP) for Heap_Mem
    startup_m051series.o(.text) refers to startup_m051series.o(STACK) for Stack_Mem
    main.o(.text) refers to main.o(Header Data) for SECOND


==============================================================================

Image Symbol Table

    Local Symbols

    Symbol Name                              Value     Ov Type        Size  Object(Section)

    RESET                                    0x00000000   Section      192  startup_m051series.o(RESET)
    ../clib/heapaux.c                        0x00000000   Number         0  heapauxi.o ABSOLUTE
    CMSIS\Src\startup_M051Series.s           0x00000000   Number         0  startup_m051series.o ABSOLUTE
    User\Main.s                              0x00000000   Number         0  main.o ABSOLUTE
    dc.s                                     0x00000000   Number         0  dc.o ABSOLUTE
    .text                                    0x000000c0   Section       44  startup_m051series.o(.text)
    Default_Handler                          0x000000cf   Thumb Code     2  startup_m051series.o(.text)
    .text                                    0x000000ec   Section        0  heapauxi.o(.text)
    .ARM.__at_0X02FC                         0x000002fc   Section        4  startup_m051series.o(.ARM.__at_0X02FC)
    .text                                    0x00000300   Section     3264  main.o(.text)
    UnLockRegister                           0x0000082d   Thumb Code    26  main.o(.text)
    STWBHP                                   0x00000b65   Thumb Code    30  main.o(.text)
    BGYPIL                                   0x00000b83   Thumb Code   190  main.o(.text)
    BGYLED                                   0x00000c41   Thumb Code   376  main.o(.text)
    BUZZER                                   0x00000dc1   Thumb Code   426  main.o(.text)
    KMG                                      0x00000f6b   Thumb Code    20  main.o(.text)
    ADCY                                     0x00000f7f   Thumb Code     0  main.o(.text)
    CUNTWHATER                               0x00000f7f   Thumb Code     0  main.o(.text)
    DLTBJCL                                  0x00000f7f   Thumb Code     0  main.o(.text)
    FADP                                     0x00000f7f   Thumb Code     0  main.o(.text)
    FJTSP1                                   0x00000f7f   Thumb Code     0  main.o(.text)
    MMCHOICE                                 0x00000f7f   Thumb Code     0  main.o(.text)
    TJFJBLF                                  0x00000f7f   Thumb Code     0  main.o(.text)
    TJFJBLFP                                 0x00000f7f   Thumb Code     0  main.o(.text)
    WHATTTP                                  0x00000f7f   Thumb Code     0  main.o(.text)
    Header Data                              0x20000000   Section      370  main.o(Header Data)
    SECOND                                   0x20000000   Data           1  main.o(Header Data)
    MS                                       0x20000004   Data           1  main.o(Header Data)
    BUZF                                     0x20000009   Data           1  main.o(Header Data)
    LCWRO                                    0x2000000a   Data           1  main.o(Header Data)
    BGYF                                     0x2000000d   Data           1  main.o(Header Data)
    STOKF                                    0x2000000e   Data           1  main.o(Header Data)
    WHATERKGF                                0x20000011   Data           1  main.o(Header Data)
    SLSTF                                    0x20000012   Data           1  main.o(Header Data)
    XJYF                                     0x20000013   Data           1  main.o(Header Data)
    FIRAF                                    0x20000014   Data           1  main.o(Header Data)
    P11F                                     0x20000018   Data           1  main.o(Header Data)
    LCTMP                                    0x20000022   Data           1  main.o(Header Data)
    ON                                       0x2000002b   Data           1  main.o(Header Data)
    JHYF                                     0x2000002f   Data           1  main.o(Header Data)
    OUTTMP                                   0x20000031   Data           1  main.o(Header Data)
    FJHQSOKF                                 0x20000032   Data           1  main.o(Header Data)
    DHWRO                                    0x20000034   Data           1  main.o(Header Data)
    XKGZF                                    0x20000036   Data           1  main.o(Header Data)
    WXFKJF                                   0x20000038   Data           1  main.o(Header Data)
    GRBF                                     0x2000003a   Data           1  main.o(Header Data)
    BUZBJF                                   0x2000003d   Data           1  main.o(Header Data)
    JRH30MF                                  0x2000003e   Data           1  main.o(Header Data)
    FJGZF                                    0x2000003f   Data           1  main.o(Header Data)
    GRBXSGZF                                 0x20000040   Data           1  main.o(Header Data)
    DHOKF                                    0x20000043   Data           1  main.o(Header Data)
    LDWER                                    0x20000046   Data           1  main.o(Header Data)
    NHYFKF                                   0x20000062   Data           1  main.o(Header Data)
    XSSLSTF                                  0x20000064   Data           1  main.o(Header Data)
    CSSDBZF                                  0x20000068   Data           1  main.o(Header Data)
    STWD                                     0x2000008f   Data           1  main.o(Header Data)
    MBFANTMSL                                0x200000a8   Data           1  main.o(Header Data)
    MBFANTMSH                                0x200000a9   Data           1  main.o(Header Data)
    MBFANTMSLV                               0x200000aa   Data           1  main.o(Header Data)
    MBFANTMSHV                               0x200000ab   Data           1  main.o(Header Data)
    BUZMS                                    0x200000ad   Data           1  main.o(Header Data)
    BUZCNT                                   0x200000af   Data           1  main.o(Header Data)
    PB1                                      0x200000c8   Data           1  main.o(Header Data)
    PB2                                      0x200000c9   Data           1  main.o(Header Data)
    PB3                                      0x200000ca   Data           1  main.o(Header Data)
    PB4                                      0x200000cb   Data           1  main.o(Header Data)
    DCUNT                                    0x200000cc   Data           1  main.o(Header Data)
    STSEC                                    0x200000ce   Data           1  main.o(Header Data)
    CSSDF                                    0x200000cf   Data           1  main.o(Header Data)
    HJF                                      0x200000d3   Data           1  main.o(Header Data)
    SLBJ2F                                   0x200000d5   Data           1  main.o(Header Data)
    SLBJ3F                                   0x200000d6   Data           1  main.o(Header Data)
    JYSTWF                                   0x200000da   Data           1  main.o(Header Data)
    CLXXEEROMF                               0x200000db   Data           1  main.o(Header Data)
    SLLNUM                                   0x200000df   Data           1  main.o(Header Data)
    MBOUTTMP                                 0x200000ee   Data           1  main.o(Header Data)
    QQSMSV                                   0x200000f0   Data           1  main.o(Header Data)
    RGMQ16SF                                 0x200000f5   Data           1  main.o(Header Data)
    TRYH16SF                                 0x200000f6   Data           1  main.o(Header Data)
    RGMQ11SF                                 0x200000f7   Data           1  main.o(Header Data)
    TRYH11SF                                 0x200000f8   Data           1  main.o(Header Data)
    TRYH13SF                                 0x20000102   Data           1  main.o(Header Data)
    RGMQ13SF                                 0x20000103   Data           1  main.o(Header Data)
    TRYH20SF                                 0x20000104   Data           1  main.o(Header Data)
    RGMQ20SF                                 0x20000105   Data           1  main.o(Header Data)
    YGMDF                                    0x2000010b   Data           1  main.o(Header Data)
    INHYJCF                                  0x2000010e   Data           1  main.o(Header Data)
    COWARMF                                  0x20000111   Data           1  main.o(Header Data)
    CGI8F                                    0x20000112   Data           1  main.o(Header Data)
    COLDWATERFULF                            0x20000114   Data           1  main.o(Header Data)
    CGI8TR16SF                               0x20000115   Data           1  main.o(Header Data)
    CGI8TR12SF                               0x20000116   Data           1  main.o(Header Data)
    WI7F                                     0x20000118   Data           1  main.o(Header Data)
    JLMDF                                    0x2000011a   Data           1  main.o(Header Data)
    LCCMD1                                   0x2000011e   Data           1  main.o(Header Data)
    LCCMD2                                   0x2000011f   Data           1  main.o(Header Data)
    LCCMD3                                   0x20000120   Data           1  main.o(Header Data)
    LCCMD4                                   0x20000121   Data           1  main.o(Header Data)
    LCCMD5                                   0x20000122   Data           1  main.o(Header Data)
    LCCMD6                                   0x20000123   Data           1  main.o(Header Data)
    LCCMD7                                   0x20000124   Data           1  main.o(Header Data)
    QZAJADVL                                 0x20000129   Data           1  main.o(Header Data)
    STWDP                                    0x2000012d   Data           1  main.o(Header Data)
    BGYSEC                                   0x2000012e   Data           1  main.o(Header Data)
    EKIS0SEC                                 0x20000138   Data           1  main.o(Header Data)
    EKIS0SECS                                0x20000139   Data           1  main.o(Header Data)
    YHNUM                                    0x20000140   Data           1  main.o(Header Data)
    KSJRSEC                                  0x20000147   Data           1  main.o(Header Data)
    JSNUM                                    0x20000152   Data           1  main.o(Header Data)
    JSNUM1                                   0x20000153   Data           1  main.o(Header Data)
    JSNUM2                                   0x20000154   Data           1  main.o(Header Data)
    SLLNUMV                                  0x20000155   Data           1  main.o(Header Data)
    BZSTWD                                   0x20000156   Data           1  main.o(Header Data)
    YGSTWD                                   0x20000157   Data           1  main.o(Header Data)
    NWHATMS                                  0x20000158   Data           1  main.o(Header Data)
    NWHATSEC                                 0x20000159   Data           1  main.o(Header Data)
    P04OUTMS                                 0x20000161   Data           1  main.o(Header Data)
    COGZNUM                                  0x20000162   Data           1  main.o(Header Data)
    CLCOGZNUM                                0x20000163   Data           1  main.o(Header Data)
    CLCOGZMIN                                0x20000164   Data           1  main.o(Header Data)
    PBB8                                     0x2000016d   Data           1  main.o(Header Data)
    WINUM                                    0x20000170   Data           1  main.o(Header Data)
    EINUM                                    0x20000171   Data           1  main.o(Header Data)
    HEAP                                     0x20000178   Section        0  startup_m051series.o(HEAP)
    STACK                                    0x20000178   Section     1024  startup_m051series.o(STACK)
    Heap_Mem                                 0x20000178   Data           0  startup_m051series.o(HEAP)
    Stack_Mem                                0x20000178   Data        1024  startup_m051series.o(STACK)

    Global Symbols

    Symbol Name                              Value     Ov Type        Size  Object(Section)

    BuildAttributes$$THM_ISAv3M$S$PE$A:L22$X:L11$S22$IEEE1$IW$USESV6$~STKCKD$USESV7$~SHL$OSPACE$ROPI$EBA8$STANDARDLIB$REQ8$PRES8$EABIv2 0x00000000   Number         0  anon$$obj.o ABSOLUTE
    __Vectors                                0x00000000   Data           4  startup_m051series.o(RESET)
    Reset_Handler                            0x000000c1   Thumb Code     4  startup_m051series.o(.text)
    NMI_Handler                              0x000000c5   Thumb Code     2  startup_m051series.o(.text)
    HardFault_Handler                        0x000000c7   Thumb Code     2  startup_m051series.o(.text)
    SVC_Handler                              0x000000c9   Thumb Code     2  startup_m051series.o(.text)
    PendSV_Handler                           0x000000cb   Thumb Code     2  startup_m051series.o(.text)
    SysTick_Handler                          0x000000cd   Thumb Code     2  startup_m051series.o(.text)
    ACMP01_IRQHandler                        0x000000cf   Thumb Code     0  startup_m051series.o(.text)
    ACMP23_IRQHandler                        0x000000cf   Thumb Code     0  startup_m051series.o(.text)
    ADC_IRQHandler                           0x000000cf   Thumb Code     0  startup_m051series.o(.text)
    BOD_IRQHandler                           0x000000cf   Thumb Code     0  startup_m051series.o(.text)
    EINT0_IRQHandler                         0x000000cf   Thumb Code     0  startup_m051series.o(.text)
    EINT1_IRQHandler                         0x000000cf   Thumb Code     0  startup_m051series.o(.text)
    GPIOP0P1_IRQHandler                      0x000000cf   Thumb Code     0  startup_m051series.o(.text)
    GPIOP2P3P4_IRQHandler                    0x000000cf   Thumb Code     0  startup_m051series.o(.text)
    I2C0_IRQHandler                          0x000000cf   Thumb Code     0  startup_m051series.o(.text)
    I2C1_IRQHandler                          0x000000cf   Thumb Code     0  startup_m051series.o(.text)
    PWMA_IRQHandler                          0x000000cf   Thumb Code     0  startup_m051series.o(.text)
    PWMB_IRQHandler                          0x000000cf   Thumb Code     0  startup_m051series.o(.text)
    PWRWU_IRQHandler                         0x000000cf   Thumb Code     0  startup_m051series.o(.text)
    RTC_IRQHandler                           0x000000cf   Thumb Code     0  startup_m051series.o(.text)
    SPI0_IRQHandler                          0x000000cf   Thumb Code     0  startup_m051series.o(.text)
    SPI1_IRQHandler                          0x000000cf   Thumb Code     0  startup_m051series.o(.text)
    TMR0_IRQHandler                          0x000000cf   Thumb Code     0  startup_m051series.o(.text)
    TMR1_IRQHandler                          0x000000cf   Thumb Code     0  startup_m051series.o(.text)
    TMR2_IRQHandler                          0x000000cf   Thumb Code     0  startup_m051series.o(.text)
    TMR3_IRQHandler                          0x000000cf   Thumb Code     0  startup_m051series.o(.text)
    UART0_IRQHandler                         0x000000cf   Thumb Code     0  startup_m051series.o(.text)
    UART1_IRQHandler                         0x000000cf   Thumb Code     0  startup_m051series.o(.text)
    WDT_IRQHandler                           0x000000cf   Thumb Code     0  startup_m051series.o(.text)
    __user_initial_stackheap                 0x000000d1   Thumb Code     0  startup_m051series.o(.text)
    __use_two_region_memory                  0x000000ed   Thumb Code     2  heapauxi.o(.text)
    __rt_heap_escrow$2region                 0x000000ef   Thumb Code     2  heapauxi.o(.text)
    __rt_heap_expand$2region                 0x000000f1   Thumb Code     2  heapauxi.o(.text)
    Main                                     0x00000301   Thumb Code  1324  main.o(.text)



==============================================================================

Memory Map of the image

  Image Entry point : 0x000000c1

  Load Region LR_1 (Base: 0x00000000, Size: 0x00001134, Max: 0xffffffff, ABSOLUTE)

    Execution Region ER_RO (Base: 0x00000000, Size: 0x00000fc0, Max: 0xffffffff, ABSOLUTE)

    Base Addr    Size         Type   Attr      Idx    E Section Name        Object

    0x00000000   0x000000c0   Data   RO            3    RESET               startup_m051series.o
    0x000000c0   0x0000002c   Code   RO            5  * .text               startup_m051series.o
    0x000000ec   0x00000006   Code   RO           20    .text               c_p.l(heapauxi.o)
    0x000000f2   0x0000020a   PAD
    0x000002fc   0x00000004   Code   RO            4    .ARM.__at_0X02FC    startup_m051series.o
    0x00000300   0x00000cc0   Code   RO           14    .text               main.o


    Execution Region ER_RW (Base: 0x20000000, Size: 0x00000174, Max: 0xffffffff, ABSOLUTE)

    Base Addr    Size         Type   Attr      Idx    E Section Name        Object

    0x20000000   0x00000172   Data   RW           13    Header Data         main.o


    Execution Region ER_ZI (Base: 0x20000174, Size: 0x00000404, Max: 0xffffffff, ABSOLUTE)

    Base Addr    Size         Type   Attr      Idx    E Section Name        Object

    0x20000174   0x00000004   PAD
    0x20000178   0x00000000   Zero   RW            2    HEAP                startup_m051series.o
    0x20000178   0x00000400   Zero   RW            1    STACK               startup_m051series.o


==============================================================================

Image component sizes


      Code (inc. data)   RO Data    RW Data    ZI Data      Debug   Object Name

      3264        710          0        370          0       2696   main.o
        48         22        192          0       1024        812   startup_m051series.o

    ----------------------------------------------------------------------
      3312        732        192        372       1028       3508   Object Totals
         0          0          0          0          0          0   (incl. Generated)
         0          0          0          2          4          0   (incl. Padding)

    ----------------------------------------------------------------------

      Code (inc. data)   RO Data    RW Data    ZI Data      Debug   Library Member Name

         6          0          0          0          0        136   heapauxi.o

    ----------------------------------------------------------------------
       528          0          0          0          0        136   Library Totals
       522          0          0          0          0          0   (incl. Padding)

    ----------------------------------------------------------------------

      Code (inc. data)   RO Data    RW Data    ZI Data      Debug   Library Name

         6          0          0          0          0        136   c_p.l

    ----------------------------------------------------------------------
       528          0          0          0          0        136   Library Totals

    ----------------------------------------------------------------------

==============================================================================


      Code (inc. data)   RO Data    RW Data    ZI Data      Debug   

      3840        732        192        372       1028       3592   Grand Totals
      3840        732        192        372       1028       3592   ELF Image Totals
      3840        732        192        372          0          0   ROM Totals

==============================================================================

    Total RO  Size (Code + RO Data)                 4032 (   3.94kB)
    Total RW  Size (RW Data + ZI Data)              1400 (   1.37kB)
    Total ROM Size (Code + RO Data + RW Data)       4404 (   4.30kB)

==============================================================================

