Component: ARM Compiler 5.06 update 1 (build 61) Tool: armlink [4d35a8]

==============================================================================

Section Cross References

    startup_m051series.o(STACK) refers (Special) to heapauxi.o(.text) for __use_two_region_memory
    startup_m051series.o(HEAP) refers (Special) to heapauxi.o(.text) for __use_two_region_memory
    startup_m051series.o(RESET) refers (Special) to heapauxi.o(.text) for __use_two_region_memory
    startup_m051series.o(RESET) refers to startup_m051series.o(STACK) for __initial_sp
    startup_m051series.o(RESET) refers to startup_m051series.o(.text) for Reset_Handler
    startup_m051series.o(.ARM.__at_0X02FC) refers (Special) to heapauxi.o(.text) for __use_two_region_memory
    startup_m051series.o(.text) refers (Special) to heapauxi.o(.text) for __use_two_region_memory
    startup_m051series.o(.text) refers to main.o(.text) for Main
    startup_m051series.o(.text) refers to startup_m051series.o(HEAP) for Heap_Mem
    startup_m051series.o(.text) refers to startup_m051series.o(STACK) for Stack_Mem


==============================================================================

Removing Unused input sections from the image.

    Removing main.o(Header Data), (370 bytes).

1 unused section(s) (total 370 bytes) removed from the image.

==============================================================================

Image Symbol Table

    Local Symbols

    Symbol Name                              Value     Ov Type        Size  Object(Section)

    RESET                                    0x00000000   Section      192  startup_m051series.o(RESET)
    ../clib/heapaux.c                        0x00000000   Number         0  heapauxi.o ABSOLUTE
    CMSIS\Src\startup_M051Series.s           0x00000000   Number         0  startup_m051series.o ABSOLUTE
    User\Main.s                              0x00000000   Number         0  main.o ABSOLUTE
    dc.s                                     0x00000000   Number         0  dc.o ABSOLUTE
    .text                                    0x000000c0   Section       44  startup_m051series.o(.text)
    Default_Handler                          0x000000cf   Thumb Code     2  startup_m051series.o(.text)
    .text                                    0x000000ec   Section        0  heapauxi.o(.text)
    .ARM.__at_0X02FC                         0x000002fc   Section        4  startup_m051series.o(.ARM.__at_0X02FC)
    .text                                    0x00000300   Section     1008  main.o(.text)
    SYSInit                                  0x00000339   Thumb Code   120  main.o(.text)
    UnLockRegister                           0x000003b1   Thumb Code    26  main.o(.text)
    MCUInit                                  0x000003cb   Thumb Code   670  main.o(.text)
    LedOutputCfg                             0x00000669   Thumb Code    46  main.o(.text)
    HEAP                                     0x20000000   Section        0  startup_m051series.o(HEAP)
    STACK                                    0x20000000   Section      512  startup_m051series.o(STACK)
    Heap_Mem                                 0x20000000   Data           0  startup_m051series.o(HEAP)
    Stack_Mem                                0x20000000   Data         512  startup_m051series.o(STACK)
    __initial_sp                             0x20000200   Data           0  startup_m051series.o(STACK)

    Global Symbols

    Symbol Name                              Value     Ov Type        Size  Object(Section)

    BuildAttributes$$THM_ISAv3M$S$PE$A:L22$X:L11$S22$IEEE1$IW$USESV6$~STKCKD$USESV7$~SHL$OSPACE$ROPI$EBA8$STANDARDLIB$REQ8$PRES8$EABIv2 0x00000000   Number         0  anon$$obj.o ABSOLUTE
    __Vectors                                0x00000000   Data           4  startup_m051series.o(RESET)
    Reset_Handler                            0x000000c1   Thumb Code     4  startup_m051series.o(.text)
    NMI_Handler                              0x000000c5   Thumb Code     2  startup_m051series.o(.text)
    HardFault_Handler                        0x000000c7   Thumb Code     2  startup_m051series.o(.text)
    SVC_Handler                              0x000000c9   Thumb Code     2  startup_m051series.o(.text)
    PendSV_Handler                           0x000000cb   Thumb Code     2  startup_m051series.o(.text)
    SysTick_Handler                          0x000000cd   Thumb Code     2  startup_m051series.o(.text)
    ACMP01_IRQHandler                        0x000000cf   Thumb Code     0  startup_m051series.o(.text)
    ACMP23_IRQHandler                        0x000000cf   Thumb Code     0  startup_m051series.o(.text)
    ADC_IRQHandler                           0x000000cf   Thumb Code     0  startup_m051series.o(.text)
    BOD_IRQHandler                           0x000000cf   Thumb Code     0  startup_m051series.o(.text)
    EINT0_IRQHandler                         0x000000cf   Thumb Code     0  startup_m051series.o(.text)
    EINT1_IRQHandler                         0x000000cf   Thumb Code     0  startup_m051series.o(.text)
    GPIOP0P1_IRQHandler                      0x000000cf   Thumb Code     0  startup_m051series.o(.text)
    GPIOP2P3P4_IRQHandler                    0x000000cf   Thumb Code     0  startup_m051series.o(.text)
    I2C0_IRQHandler                          0x000000cf   Thumb Code     0  startup_m051series.o(.text)
    I2C1_IRQHandler                          0x000000cf   Thumb Code     0  startup_m051series.o(.text)
    PWMA_IRQHandler                          0x000000cf   Thumb Code     0  startup_m051series.o(.text)
    PWMB_IRQHandler                          0x000000cf   Thumb Code     0  startup_m051series.o(.text)
    PWRWU_IRQHandler                         0x000000cf   Thumb Code     0  startup_m051series.o(.text)
    RTC_IRQHandler                           0x000000cf   Thumb Code     0  startup_m051series.o(.text)
    SPI0_IRQHandler                          0x000000cf   Thumb Code     0  startup_m051series.o(.text)
    SPI1_IRQHandler                          0x000000cf   Thumb Code     0  startup_m051series.o(.text)
    TMR0_IRQHandler                          0x000000cf   Thumb Code     0  startup_m051series.o(.text)
    TMR1_IRQHandler                          0x000000cf   Thumb Code     0  startup_m051series.o(.text)
    TMR2_IRQHandler                          0x000000cf   Thumb Code     0  startup_m051series.o(.text)
    TMR3_IRQHandler                          0x000000cf   Thumb Code     0  startup_m051series.o(.text)
    UART0_IRQHandler                         0x000000cf   Thumb Code     0  startup_m051series.o(.text)
    UART1_IRQHandler                         0x000000cf   Thumb Code     0  startup_m051series.o(.text)
    WDT_IRQHandler                           0x000000cf   Thumb Code     0  startup_m051series.o(.text)
    __user_initial_stackheap                 0x000000d1   Thumb Code     0  startup_m051series.o(.text)
    __use_two_region_memory                  0x000000ed   Thumb Code     2  heapauxi.o(.text)
    __rt_heap_escrow$2region                 0x000000ef   Thumb Code     2  heapauxi.o(.text)
    __rt_heap_expand$2region                 0x000000f1   Thumb Code     2  heapauxi.o(.text)
    Main                                     0x00000301   Thumb Code    56  main.o(.text)



==============================================================================

Memory Map of the image

  Image Entry point : 0x000000c1

  Load Region LR_1 (Base: 0x00000000, Size: 0x000006f0, Max: 0xffffffff, ABSOLUTE)

    Execution Region ER_RO (Base: 0x00000000, Size: 0x000006f0, Max: 0xffffffff, ABSOLUTE)

    Base Addr    Size         Type   Attr      Idx    E Section Name        Object

    0x00000000   0x000000c0   Data   RO            3    RESET               startup_m051series.o
    0x000000c0   0x0000002c   Code   RO            5  * .text               startup_m051series.o
    0x000000ec   0x00000006   Code   RO           20    .text               c_p.l(heapauxi.o)
    0x000000f2   0x0000020a   PAD
    0x000002fc   0x00000004   Code   RO            4    .ARM.__at_0X02FC    startup_m051series.o
    0x00000300   0x000003f0   Code   RO           14    .text               main.o


    Execution Region ER_RW (Base: 0x20000000, Size: 0x00000000, Max: 0xffffffff, ABSOLUTE)

    **** No section assigned to this execution region ****


    Execution Region ER_ZI (Base: 0x20000000, Size: 0x00000200, Max: 0xffffffff, ABSOLUTE)

    Base Addr    Size         Type   Attr      Idx    E Section Name        Object

    0x20000000   0x00000000   Zero   RW            2    HEAP                startup_m051series.o
    0x20000000   0x00000200   Zero   RW            1    STACK               startup_m051series.o


==============================================================================

Image component sizes


      Code (inc. data)   RO Data    RW Data    ZI Data      Debug   Object Name

      1008         88          0          0          0        880   main.o
        48         22        192          0        512        792   startup_m051series.o

    ----------------------------------------------------------------------
      1056        110        192          0        512       1672   Object Totals
         0          0          0          0          0          0   (incl. Generated)
         0          0          0          0          0          0   (incl. Padding)

    ----------------------------------------------------------------------

      Code (inc. data)   RO Data    RW Data    ZI Data      Debug   Library Member Name

         6          0          0          0          0        136   heapauxi.o

    ----------------------------------------------------------------------
       528          0          0          0          0        136   Library Totals
       522          0          0          0          0          0   (incl. Padding)

    ----------------------------------------------------------------------

      Code (inc. data)   RO Data    RW Data    ZI Data      Debug   Library Name

         6          0          0          0          0        136   c_p.l

    ----------------------------------------------------------------------
       528          0          0          0          0        136   Library Totals

    ----------------------------------------------------------------------

==============================================================================


      Code (inc. data)   RO Data    RW Data    ZI Data      Debug   

      1584        110        192          0        512       1756   Grand Totals
      1584        110        192          0        512       1756   ELF Image Totals
      1584        110        192          0          0          0   ROM Totals

==============================================================================

    Total RO  Size (Code + RO Data)                 1776 (   1.73kB)
    Total RW  Size (RW Data + ZI Data)               512 (   0.50kB)
    Total ROM Size (Code + RO Data + RW Data)       1776 (   1.73kB)

==============================================================================

